0 verbose cli C:\Program Files\nodejs\node.exe C:\Program Files\nodejs\node_modules\npm\bin\npm-cli.js
1 info using npm@10.9.3
2 info using node@v22.18.0
3 silly config load:file:D:\Users\blabl\AppData\Roaming\nvm\v16.17.0\node_modules\npm\npmrc
4 silly config load:file:D:\ĐồÁn\Frontend\G90_SEP490\frontend\.npmrc
5 silly config load:file:C:\Users\blabl\.npmrc
6 silly config load:file:D:\Users\blabl\AppData\Roaming\npm\etc\npmrc
7 verbose title npm run build
8 verbose argv "run" "build"
9 verbose logfile logs-max:10 dir:D:\ĐồÁn\Frontend\G90_SEP490\frontend\.npm-cache\_logs\2025-12-21T20_23_56_664Z-
10 verbose logfile D:\ĐồÁn\Frontend\G90_SEP490\frontend\.npm-cache\_logs\2025-12-21T20_23_56_664Z-debug-0.log
11 silly logfile done cleaning log files
12 http fetch GET 200 https://registry.npmjs.org/npm 338ms
13 verbose cwd D:\ĐồÁn\Frontend\G90_SEP490\frontend
14 verbose os Windows_NT 10.0.22631
15 verbose node v22.18.0
16 verbose npm  v10.9.3
17 notice
17 notice New major version of npm available! 10.9.3 -> 11.7.0
17 notice Changelog: https://github.com/npm/cli/releases/tag/v11.7.0
17 notice To update run: npm install -g npm@11.7.0
17 notice  { force: true, [Symbol(proc-log.meta)]: true }
18 verbose exit 0
19 info ok
